RUN_ID: trainer-replay-update-email-1789498460
BASE_SHA: 26bcff087793b75964c70f5f1618f6722ef93dd6
Iteration 1: list_repository_files('.') -> OK, 200 entries, truncated
Iteration 2: read_file('app/src/main/java/com/example/customer/controller/CustomerController.java') -> OK, 1170 chars
Iteration 3: read_file('app/src/main/java/com/example/customer/service/CustomerService.java') -> OK, 1457 chars
Iteration 4: read_file('app/src/main/java/com/example/customer/model/Customer.java') -> OK, 1266 chars
Iteration 5: search_code('workspace') -> OK, 0 matches
Iteration 6: read_file('app/src/main/java/com/example/customer/security/SecurityConfig.java') -> OK, 7998 chars
Iteration 7: read_file('app/src/main/java/com/example/customer/controller/CustomerPreferenceController.java') -> OK, 1906 chars
Iteration 8: read_file('app/src/test/java/com/example/customer/controller/CustomerControllerIntegrationTest.java') -> OK, 6781 chars
Iteration 9: read_file('app/src/test/java/com/example/customer/service/CustomerServiceTest.java') -> OK, 3186 chars
Iteration 10: read_file('app/src/test/java/com/example/customer/testsupport/AuthTestSupport.java') -> OK, 1175 chars
Iteration 11: read_file('app/src/main/java/com/example/customer/security/DemoJwtIssuer.java') -> OK, 4706 chars
Iteration 12: read_file('app/src/main/java/com/example/customer/security/DemoAuthController.java') -> OK, 1550 chars
Iteration 13: read_file('app/src/main/java/com/example/customer/dto/CustomerPreferenceUpdateRequest.java') -> OK, 486 chars
Iteration 14: read_file('app/src/main/java/com/example/customer/exception/GlobalExceptionHandler.java') -> OK, 2075 chars
Iteration 15: read_file('app/src/main/java/com/example/customer/service/CustomerPreferenceService.java') -> OK, 3978 chars
Iteration 16: search_code('Update Email', glob='**/*.json') -> OK, 7 matches
Iteration 17: search_code('Update Email', glob='**/*.md') -> OK, 10 matches
Iteration 18: read_file('app/src/main/java/com/example/customer/repository/CustomerRepository.java') -> OK, 316 chars
Iteration 19: read_file('docs/ACTION_QUEUE.json') -> OK, 20045 chars, truncated
Iteration 20: search_code('PHASE-3-UPDATE-EMAIL-BACKEND-DEMO') -> OK, 0 matches
Iteration 20: search_code('unique', glob='**/*.sql') -> SKIPPED, tool budget exhausted
Final answer after 20 tool call(s)

Evidence written: C:\Users\Hemapriya\trainer-replay-update-email\docs\training\update_email_replay_evidence.json
Real proposals captured: 0
