RUN_ID: trainer-replay-update-email-1789498594
BASE_SHA: 26bcff087793b75964c70f5f1618f6722ef93dd6
Iteration 1: list_repository_files('.') -> OK, 200 entries, truncated
Iteration 2: read_file('app/src/main/java/com/example/customer/controller/CustomerController.java') -> OK, 1170 chars
Iteration 3: read_file('app/src/main/java/com/example/customer/service/CustomerService.java') -> OK, 1457 chars
Iteration 4: read_file('app/src/main/java/com/example/customer/model/Customer.java') -> OK, 1266 chars
Iteration 5: read_file('app/src/main/java/com/example/customer/security/SecurityConfig.java') -> OK, 7998 chars
Iteration 6: read_file('app/src/main/java/com/example/customer/controller/CustomerPreferenceController.java') -> OK, 1906 chars
Iteration 7: read_file('app/src/main/java/com/example/customer/service/CustomerPreferenceService.java') -> OK, 3978 chars
Iteration 8: search_code('workspace') -> OK, 0 matches
Iteration 9: search_code('customer:read') -> OK, 5 matches
Iteration 10: read_file('app/src/test/java/com/example/customer/testsupport/AuthTestSupport.java') -> OK, 1175 chars
Iteration 11: read_file('app/src/main/java/com/example/customer/security/DemoJwtIssuer.java') -> OK, 4706 chars
Iteration 12: read_file('app/src/test/java/com/example/customer/controller/CustomerControllerIntegrationTest.java') -> OK, 6781 chars
Iteration 13: search_code('Update Email', glob='**/*.json') -> OK, 8 matches
Iteration 14: search_code('Update Email', glob='**/*.md') -> OK, 10 matches
Iteration 15: read_file('docs/ACTION_QUEUE.json') -> OK, 20045 chars, truncated
Iteration 16: read_file('docs/training/update_email_replay_evidence.json') -> OK, 14736 chars
Iteration 17: read_file('app/src/main/java/com/example/customer/repository/CustomerRepository.java') -> OK, 316 chars
Iteration 18: read_file('app/src/main/resources/db/migration/V1__create_customer.sql') -> ERROR, 108 chars
Iteration 19: read_file('app/src/main/java/com/example/customer/exception/GlobalExceptionHandler.java') -> OK, 2075 chars
Iteration 20: read_file('app/src/main/java/com/example/customer/dto/CustomerPreferenceUpdateRequest.java') -> OK, 486 chars
Iteration 21: read_file('app/src/test/java/com/example/customer/service/CustomerServiceTest.java') -> OK, 3186 chars
Iteration 22: search_code('UNIQUE', glob='**/*.sql') -> OK, 0 matches
Iteration 23: read_file('app/src/test/java/com/example/customer/security/SecurityIntegrationTest.java') -> OK, 7960 chars
Iteration 24: read_file('app/src/test/java/com/example/customer/OpenApiIntegrationTest.java') -> OK, 1981 chars
Iteration 25: search_code('CREATE TABLE', glob='**/*.sql') -> OK, 0 matches
Iteration 26: search_code('customer', glob='**/*.sql') -> OK, 0 matches
Iteration 27: read_file('app/src/test/java/com/example/customer/controller/CustomerPreferenceControllerIntegrationTest.java') -> OK, 3923 chars
Final answer after 27 tool call(s)

Evidence written: C:\Users\Hemapriya\trainer-replay-update-email\docs\training\update_email_replay_evidence.json
Real proposals captured: 0
