RUN_ID: trainer-replay-update-email-1789551491
BASE_SHA: febc26cdecc0e650da247a8cdab528f19e1146db
Iteration 1: list_repository_files('.') -> OK, 200 entries, truncated
Iteration 2: read_file('app/src/main/java/com/example/customer/controller/CustomerController.java') -> OK, 1170 chars
Iteration 3: read_file('app/src/main/java/com/example/customer/service/CustomerService.java') -> OK, 1457 chars
Iteration 4: read_file('app/src/main/java/com/example/customer/model/Customer.java') -> OK, 1266 chars
Iteration 5: read_file('app/src/main/java/com/example/customer/controller/CustomerPreferenceController.java') -> OK, 1906 chars
Iteration 6: read_file('app/src/main/java/com/example/customer/service/CustomerPreferenceService.java') -> OK, 3978 chars
Iteration 7: read_file('app/src/main/java/com/example/customer/security/SecurityConfig.java') -> OK, 7998 chars
Iteration 8: search_code('customerId', glob='**/security/**') -> OK, 0 matches
Iteration 9: search_code('workspace') -> OK, 0 matches
Iteration 10: read_file('app/src/main/java/com/example/customer/security/DemoJwtIssuer.java') -> OK, 4706 chars
Iteration 11: read_file('app/src/test/java/com/example/customer/testsupport/AuthTestSupport.java') -> OK, 1175 chars
Iteration 12: read_file('app/src/main/java/com/example/customer/exception/GlobalExceptionHandler.java') -> OK, 2075 chars
Iteration 13: read_file('app/src/test/java/com/example/customer/service/CustomerServiceTest.java') -> OK, 3186 chars
Iteration 14: read_file('app/src/test/java/com/example/customer/controller/CustomerControllerIntegrationTest.java') -> OK, 6781 chars
Iteration 15: read_file('app/src/main/java/com/example/customer/dto/CustomerPreferenceUpdateRequest.java') -> OK, 486 chars
Iteration 16: read_file('app/src/main/java/com/example/customer/repository/CustomerRepository.java') -> OK, 316 chars
Iteration 17: search_code('Update Email') -> OK, 3 matches
Iteration 18: search_code('email', glob='docs/PROJECT_STATE.json') -> OK, 8 matches
Iteration 19: read_file('app/src/test/java/com/example/customer/security/SecurityIntegrationTest.java') -> OK, 7960 chars
Iteration 20: read_file('docs/PROJECT_STATE.json') -> OK, 19973 chars, truncated
Iteration 21: search_code('"update_email"') -> OK, 0 matches
Iteration 22: search_code('update_email') -> OK, 0 matches
Iteration 23: search_code('update_email', glob='docs/**') -> OK, 1 matches
Iteration 24: read_file('docs/PROJECT_STATE.json') -> OK, 19973 chars, truncated
Iteration 25: search_code('PHASE-3-UPDATE-EMAIL', glob='docs/**') -> OK, 2 matches
Iteration 26: read_file('app/src/main/java/com/example/customer/dto/CustomerPreferenceResponse.java') -> OK, 989 chars
Iteration 27: search_code('PHASE-3-UPDATE-EMAIL-BACKEND-DEMO', glob='docs/ACTION_QUEUE.json') -> OK, 1 matches
Iteration 28: read_file('docs/ACTION_QUEUE.json') -> OK, 20045 chars, truncated
Iteration 29: read_file('app/pom.xml') -> OK, 10164 chars

======================================================================
REAL PROPOSAL CAPTURED (edit_id=d085a363, path=app/src/main/java/com/example/customer/service/CustomerService.java)
candidate_hash=6f06eb1ec4104bf9d24780a98bd5d4dd5c5c9f2a16dd82382c95e78c4b460afb
diff_hash=8c485120be10c8c444f2df6455d1f44f121aae704f001261ef96ecf33dc4cedd
======================================================================
Iteration 30: propose_source_change('app/src/main/java/com/example/customer/service/CustomerService.java') -> OK, 116 chars

======================================================================
REAL PROPOSAL CAPTURED (edit_id=70bc47ab, path=app/src/main/java/com/example/customer/service/CustomerService.java)
candidate_hash=239ddd431e09b9f3dd55746b38729a976b0bf5041557268c9f7f0e04da37e102
diff_hash=157738d57f73b65d1a36bd2a58227c7a9505fcdfc617491783e89e0b6ef829fc
======================================================================
Iteration 31: propose_source_change('app/src/main/java/com/example/customer/service/CustomerService.java') -> OK, 116 chars
Final answer after 31 tool call(s)

Evidence written: C:\Users\Hemapriya\agentic-software-delivery\.scratch\update_email_replay_evidence.json
Real proposals captured: 2
